Running experiment: splade_cocondenser_msmarco

Hardware configuration
Date: 2025-12-12 11:32:30.962970
Machine: fast.csail.mit.edu
CPU usage (%): 0.1
Machine load: 0.16259765625, 0.12158203125, 0.04443359375
Memory (free, GiB): 1080
Memory (avail, GiB): 1079
Memory (total, GiB): 1510
for detailed information, check the hardware log file: ./splade_cocondenser_msmarco_2025-12-12_11:32:30/machine.output

WARNING: Your CPU may not be set to performance mode.


Git info
Current Branch: dynamic_seismic
Commit ID: b4e457f319c6d862662d6d5fa9d945f5cec76dd4

Compiling the code
Compiling code with cmake --build build --config Release
[  7%] Built target seismic_core
[  9%] Building CXX object CMakeFiles/build_inverted_index.dir/src/bin/build_inverted_index.cpp.o
[ 11%] Linking CXX executable bin/build_inverted_index
[ 11%] Built target build_inverted_index
[ 13%] Building CXX object CMakeFiles/perf_inverted_index.dir/src/bin/perf_inverted_index.cpp.o
[ 15%] Linking CXX executable bin/perf_inverted_index
[ 15%] Built target perf_inverted_index
[ 17%] Building CXX object CMakeFiles/test_jlt_index.dir/src/bin/test_jlt_index.cpp.o
[ 19%] Linking CXX executable bin/test_jlt_index
[ 19%] Built target test_jlt_index
[ 21%] Building CXX object _deps/googletest-build/googletest/CMakeFiles/gtest.dir/src/gtest-all.cc.o
[ 23%] Linking CXX static library ../../../lib/libgtest.a
[ 23%] Built target gtest
[ 25%] Building CXX object _deps/googletest-build/googletest/CMakeFiles/gtest_main.dir/src/gtest_main.cc.o
[ 26%] Linking CXX static library ../../../lib/libgtest_main.a
[ 26%] Built target gtest_main
[ 28%] Building CXX object CMakeFiles/tests.dir/test/distances_test.cpp.o
[ 30%] Building CXX object CMakeFiles/tests.dir/test/elias_fano_test.cpp.o
[ 32%] Building CXX object CMakeFiles/tests.dir/test/json_utils_test.cpp.o
[ 34%] Building CXX object CMakeFiles/tests.dir/test/main_test.cpp.o
[ 36%] Building CXX object CMakeFiles/tests.dir/test/utils_test.cpp.o
[ 38%] Building CXX object CMakeFiles/tests.dir/test/top_k_selector_test.cpp.o
[ 40%] Building CXX object CMakeFiles/tests.dir/test/space_usage_test.cpp.o
[ 42%] Building CXX object CMakeFiles/tests.dir/test/seismic_index_test.cpp.o
[ 44%] Linking CXX executable tests
[ 55%] Built target tests
[ 57%] Building CXX object _deps/cereal-build/sandbox/CMakeFiles/sandbox.dir/sandbox.cpp.o
[ 59%] Linking CXX executable sandbox
[ 59%] Built target sandbox
[ 61%] Building CXX object _deps/cereal-build/sandbox/CMakeFiles/sandbox_json.dir/sandbox_json.cpp.o
[ 63%] Linking CXX executable sandbox_json
[ 63%] Built target sandbox_json
[ 65%] Building CXX object _deps/cereal-build/sandbox/CMakeFiles/sandbox_rtti.dir/sandbox_rtti.cpp.o
[ 67%] Linking CXX executable sandbox_rtti
[ 67%] Built target sandbox_rtti
[ 69%] Building CXX object _deps/cereal-build/sandbox/sandbox_shared_lib/CMakeFiles/sandbox_vs_dll.dir/base.cpp.o
[ 71%] Building CXX object _deps/cereal-build/sandbox/sandbox_shared_lib/CMakeFiles/sandbox_vs_dll.dir/derived.cpp.o
[ 73%] Linking CXX shared library libsandbox_vs_dll.so
[ 73%] Built target sandbox_vs_dll
[ 75%] Building CXX object _deps/cereal-build/sandbox/CMakeFiles/sandbox_vs.dir/sandbox_vs.cpp.o
[ 76%] Linking CXX executable sandbox_vs
[ 76%] Built target sandbox_vs
[ 78%] Building CXX object _deps/cereal-build/sandbox/CMakeFiles/performance.dir/performance.cpp.o
[ 80%] Linking CXX executable performance
[ 80%] Built target performance
[ 82%] Building CXX object _deps/googletest-build/googlemock/CMakeFiles/gmock.dir/src/gmock-all.cc.o
[ 84%] Linking CXX static library ../../../lib/libgmock.a
[ 84%] Built target gmock
[ 86%] Building CXX object _deps/googletest-build/googlemock/CMakeFiles/gmock_main.dir/src/gmock_main.cc.o
[ 88%] Linking CXX static library ../../../lib/libgmock_main.a
[ 88%] Built target gmock_main
[ 90%] Building CXX object pylib/CMakeFiles/seismic_cpp.dir/seismic_bindings.cpp.o
/afs/csail.mit.edu/u/j/jasonehc/seismic-shift/pylib/seismic_bindings.cpp: In static member function ‘static PySeismicIndex PySeismicIndex::build(const string&, size_t, float, size_t, float, size_t, std::optional<std::__cxx11::basic_string<char> >, std::optional<long unsigned int>, std::optional<std::unordered_map<std::__cxx11::basic_string<char>, long unsigned int> >, size_t)’:
/afs/csail.mit.edu/u/j/jasonehc/seismic-shift/pylib/seismic_bindings.cpp:196:16: warning: unused parameter ‘num_threads’ [-Wunused-parameter]
  196 |         size_t num_threads = 0)
      |         ~~~~~~~^~~~~~~~~~~~~~~
[ 92%] Building CXX object pylib/CMakeFiles/seismic_cpp.dir/__/src/data_type.cpp.o
[ 94%] Linking CXX shared module seismic_cpp.cpython-310-x86_64-linux-gnu.so
lto-wrapper: warning: using serial compilation of 3 LTRANS jobs
[100%] Built target seismic_cpp
Code compiled successfully.

Dataset filename: /storage/jasonehc/sparse_datasets/msmarco_v1_passage/cocondenser/data/documents.bin
Index filename: /storage/jasonehc/sparse_datasets/msmarco_v1_passage/cocondenser/indexes/sigir_2024_splade_cocondenser_centroid-fraction_0.1_clustering-algorithm_random-kmeans_dynamic-support_true_kmeans-doc-cut_15_kmeans-pruning-factor_0.005_knn_0_n-postings_4000_summarization_max_summary-energy_0.4_transform_jlt
Running: ./build/bin/build_inverted_index --input-file /storage/jasonehc/sparse_datasets/msmarco_v1_passage/cocondenser/data/documents.bin --output-file /storage/jasonehc/sparse_datasets/msmarco_v1_passage/cocondenser/indexes/sigir_2024_splade_cocondenser_centroid-fraction_0.1_clustering-algorithm_random-kmeans_dynamic-support_true_kmeans-doc-cut_15_kmeans-pruning-factor_0.005_knn_0_n-postings_4000_summarization_max_summary-energy_0.4_transform_jlt --n-postings 4000 --summary-energy 0.4 --centroid-fraction 0.1 --knn 0 --clustering-algorithm random-kmeans --kmeans-doc-cut 15 --kmeans-pruning-factor 0.005 --transform jlt --summarization max --dynamic-support true
Building inverted index with the following parameters:
  Input file: /storage/jasonehc/sparse_datasets/msmarco_v1_passage/cocondenser/data/documents.bin
  Output file: /storage/jasonehc/sparse_datasets/msmarco_v1_passage/cocondenser/indexes/sigir_2024_splade_cocondenser_centroid-fraction_0.1_clustering-algorithm_random-kmeans_dynamic-support_true_kmeans-doc-cut_15_kmeans-pruning-factor_0.005_knn_0_n-postings_4000_summarization_max_summary-energy_0.4_transform_jlt
  N postings: 4000
  Summary energy: 0.4
  Centroid fraction: 0.1
  Min cluster size: 2
  KNN: 0
  Clustering algorithm: random-kmeans
  K-means doc cut: 15
  K-means pruning factor: 0.005

Loading dataset from /storage/jasonehc/sparse_datasets/msmarco_v1_passage/cocondenser/data/documents.bin...
Number of Vectors: 8841823
Number of Dimensions: 28679
Avg number of components: 121.046

Building the index...
Distributing and pruning postings: Using sparsity parameter s = 15
15 rows
JLT matrix initialization took 98964788 microseconds
264 secs
	Number of posting lists: 28679
Building summaries: 
120 secs
No knn needed
Time to build 464 secs (before serializing)
Saving ... /storage/jasonehc/sparse_datasets/msmarco_v1_passage/cocondenser/indexes/sigir_2024_splade_cocondenser_centroid-fraction_0.1_clustering-algorithm_random-kmeans_dynamic-support_true_kmeans-doc-cut_15_kmeans-pruning-factor_0.005_knn_0_n-postings_4000_summarization_max_summary-energy_0.4_transform_jlt.index.seismic
Save completed successfully
Time to build 503 secs
Index built successfully in 514.26 seconds.
Evaluation runs with metric RR@10
Executing query for subsection 'recall_90' with command:
 ./build/bin/perf_inverted_index --index-file /storage/jasonehc/sparse_datasets/msmarco_v1_passage/cocondenser/indexes/sigir_2024_splade_cocondenser_centroid-fraction_0.1_clustering-algorithm_random-kmeans_dynamic-support_true_kmeans-doc-cut_15_kmeans-pruning-factor_0.005_knn_0_n-postings_4000_summarization_max_summary-energy_0.4_transform_jlt -k 10 --query-file /storage/jasonehc/sparse_datasets/msmarco_v1_passage/cocondenser/data/queries.bin --query-cut 3 --heap-factor 0.9 --n-runs 1 --output-path ./splade_cocondenser_msmarco_2025-12-12_11:32:30/results_recall_90
Running query for subsection: recall_90...
Performance testing with the following parameters:
  Index file: /storage/jasonehc/sparse_datasets/msmarco_v1_passage/cocondenser/indexes/sigir_2024_splade_cocondenser_centroid-fraction_0.1_clustering-algorithm_random-kmeans_dynamic-support_true_kmeans-doc-cut_15_kmeans-pruning-factor_0.005_knn_0_n-postings_4000_summarization_max_summary-energy_0.4_transform_jlt
  Query file: /storage/jasonehc/sparse_datasets/msmarco_v1_passage/cocondenser/data/queries.bin
  Output path: ./splade_cocondenser_msmarco_2025-12-12_11:32:30/results_recall_90
  N queries: 10000
  K: 10
  N runs: 1
  Query cut: 3
  Heap factor: 0.9
  N KNN: 0
  First sorted: false
Loading index from /storage/jasonehc/sparse_datasets/msmarco_v1_passage/cocondenser/indexes/sigir_2024_splade_cocondenser_centroid-fraction_0.1_clustering-algorithm_random-kmeans_dynamic-support_true_kmeans-doc-cut_15_kmeans-pruning-factor_0.005_knn_0_n-postings_4000_summarization_max_summary-energy_0.4_transform_jlt.index.seismic...
Index loaded successfully
Number of documents: 8841823

Loading queries from /storage/jasonehc/sparse_datasets/msmarco_v1_passage/cocondenser/data/queries.bin...
Number of Queries: 6980
Number of Dimensions: 28313
Avg number of components: 43.9454
Searching for top-10 results
Number of evaluated queries: 6980
Number of documents: 8841823
Avg number of non-zero components: 121.046
Time 1635 microsecs per query
11417646
Adding document to 28 postings lists.
Index: Time to insert doc 8841823: 663135
Adding document to 45 postings lists.
Index: Time to insert doc 8841824: 10381
Adding document to 46 postings lists.
Index: Time to insert doc 8841825: 18490
Adding document to 52 postings lists.
Index: Time to insert doc 8841826: 12929
Adding document to 44 postings lists.
Index: Time to insert doc 8841827: 9617
Adding document to 29 postings lists.
Index: Time to insert doc 8841828: 5497
Adding document to 26 postings lists.
Index: Time to insert doc 8841829: 4521
Adding document to 56 postings lists.
Index: Time to insert doc 8841830: 14546
Adding document to 80 postings lists.
Index: Time to insert doc 8841831: 26056
Adding document to 20 postings lists.
Index: Time to insert doc 8841832: 3256
Adding document to 36 postings lists.
Index: Time to insert doc 8841833: 7346
Adding document to 68 postings lists.
Index: Time to insert doc 8841834: 19715
Adding document to 29 postings lists.
Index: Time to insert doc 8841835: 5117
Adding document to 30 postings lists.
Index: Time to insert doc 8841836: 5603
Adding document to 42 postings lists.
Index: Time to insert doc 8841837: 8661
Adding document to 54 postings lists.
Index: Time to insert doc 8841838: 13576
Adding document to 62 postings lists.
Index: Time to insert doc 8841839: 16591
Adding document to 40 postings lists.
Index: Time to insert doc 8841840: 8576
Adding document to 25 postings lists.
Index: Time to insert doc 8841841: 4320
Adding document to 58 postings lists.
Index: Time to insert doc 8841842: 14568
Adding document to 30 postings lists.
Index: Time to insert doc 8841843: 5526
Adding document to 29 postings lists.
Index: Time to insert doc 8841844: 5209
Adding document to 25 postings lists.
Index: Time to insert doc 8841845: 4067
Adding document to 57 postings lists.
Index: Time to insert doc 8841846: 14650
Adding document to 50 postings lists.
Index: Time to insert doc 8841847: 11565
Adding document to 51 postings lists.
Index: Time to insert doc 8841848: 11968
Adding document to 32 postings lists.
Index: Time to insert doc 8841849: 5861
Adding document to 24 postings lists.
Index: Time to insert doc 8841850: 3872
Adding document to 27 postings lists.
Index: Time to insert doc 8841851: 4648
Adding document to 45 postings lists.
Index: Time to insert doc 8841852: 9755
Adding document to 27 postings lists.
Index: Time to insert doc 8841853: 4644
Adding document to 37 postings lists.
Index: Time to insert doc 8841854: 7376
Adding document to 25 postings lists.
Index: Time to insert doc 8841855: 4040
Adding document to 73 postings lists.
Index: Time to insert doc 8841856: 21550
Adding document to 59 postings lists.
Index: Time to insert doc 8841857: 15188
Adding document to 28 postings lists.
Index: Time to insert doc 8841858: 4601
Adding document to 39 postings lists.
Index: Time to insert doc 8841859: 8059
Adding document to 34 postings lists.
Index: Time to insert doc 8841860: 6321
Adding document to 62 postings lists.
Index: Time to insert doc 8841861: 16455
Adding document to 31 postings lists.
Index: Time to insert doc 8841862: 5629
Adding document to 41 postings lists.
Index: Time to insert doc 8841863: 8626
Adding document to 45 postings lists.
Index: Time to insert doc 8841864: 10118
Adding document to 23 postings lists.
Index: Time to insert doc 8841865: 3489
Adding document to 25 postings lists.
Index: Time to insert doc 8841866: 3939
Adding document to 63 postings lists.
Index: Time to insert doc 8841867: 16611
Adding document to 28 postings lists.
Index: Time to insert doc 8841868: 4850
Adding document to 28 postings lists.
Index: Time to insert doc 8841869: 4792
Adding document to 31 postings lists.
Index: Time to insert doc 8841870: 5529
Adding document to 25 postings lists.
Index: Time to insert doc 8841871: 4130
Adding document to 34 postings lists.
Index: Time to insert doc 8841872: 6318
Adding document to 62 postings lists.
Index: Time to insert doc 8841873: 16204
Adding document to 28 postings lists.
Index: Time to insert doc 8841874: 4717
Adding document to 34 postings lists.
Index: Time to insert doc 8841875: 6251
Adding document to 19 postings lists.
Index: Time to insert doc 8841876: 2802
Adding document to 41 postings lists.
Index: Time to insert doc 8841877: 8361
Adding document to 62 postings lists.
Index: Time to insert doc 8841878: 16314
Adding document to 46 postings lists.
Index: Time to insert doc 8841879: 10290
Adding document to 29 postings lists.
Index: Time to insert doc 8841880: 5069
Adding document to 46 postings lists.
Index: Time to insert doc 8841881: 9864
Adding document to 30 postings lists.
Index: Time to insert doc 8841882: 5200
Adding document to 54 postings lists.
Index: Time to insert doc 8841883: 13355
Adding document to 36 postings lists.
Index: Time to insert doc 8841884: 6775
Adding document to 44 postings lists.
Index: Time to insert doc 8841885: 9476
Adding document to 38 postings lists.
Index: Time to insert doc 8841886: 7252
Adding document to 38 postings lists.
Index: Time to insert doc 8841887: 7391
Adding document to 33 postings lists.
Index: Time to insert doc 8841888: 6016
Adding document to 28 postings lists.
Index: Time to insert doc 8841889: 4683
Adding document to 21 postings lists.
Index: Time to insert doc 8841890: 3062
Adding document to 32 postings lists.
Index: Time to insert doc 8841891: 5617
Adding document to 51 postings lists.
Index: Time to insert doc 8841892: 11636
Adding document to 37 postings lists.
Index: Time to insert doc 8841893: 7033
Adding document to 51 postings lists.
Index: Time to insert doc 8841894: 11681
Adding document to 58 postings lists.
Index: Time to insert doc 8841895: 14384
Adding document to 46 postings lists.
Index: Time to insert doc 8841896: 9823
Adding document to 63 postings lists.
Index: Time to insert doc 8841897: 16551
Adding document to 26 postings lists.
Index: Time to insert doc 8841898: 4177
Adding document to 44 postings lists.
Index: Time to insert doc 8841899: 9743
Adding document to 27 postings lists.
Index: Time to insert doc 8841900: 4395
Adding document to 23 postings lists.
Index: Time to insert doc 8841901: 3521
Adding document to 46 postings lists.
Index: Time to insert doc 8841902: 9922
Adding document to 49 postings lists.
Index: Time to insert doc 8841903: 11179
Adding document to 51 postings lists.
Index: Time to insert doc 8841904: 11870
Adding document to 16 postings lists.
Index: Time to insert doc 8841905: 2228
Adding document to 33 postings lists.
Index: Time to insert doc 8841906: 6197
Adding document to 70 postings lists.
Index: Time to insert doc 8841907: 19956
Adding document to 51 postings lists.
Index: Time to insert doc 8841908: 11606
Adding document to 45 postings lists.
Index: Time to insert doc 8841909: 9830
Adding document to 47 postings lists.
Index: Time to insert doc 8841910: 10449
Adding document to 92 postings lists.
Index: Time to insert doc 8841911: 31583
Adding document to 44 postings lists.
Index: Time to insert doc 8841912: 9168
Adding document to 54 postings lists.
Index: Time to insert doc 8841913: 13006
Adding document to 62 postings lists.
Index: Time to insert doc 8841914: 16102
Adding document to 33 postings lists.
Index: Time to insert doc 8841915: 5929
Adding document to 52 postings lists.
Index: Time to insert doc 8841916: 12499
Adding document to 38 postings lists.
Index: Time to insert doc 8841917: 7384
Adding document to 57 postings lists.
Index: Time to insert doc 8841918: 13974
Adding document to 25 postings lists.
Index: Time to insert doc 8841919: 3958
Adding document to 70 postings lists.
Index: Time to insert doc 8841920: 19762
Adding document to 40 postings lists.
Index: Time to insert doc 8841921: 8203
Adding document to 40 postings lists.
Index: Time to insert doc 8841922: 7896
Adding document to 95 postings lists.
Index: Time to insert doc 8841923: 33369
Adding document to 56 postings lists.
Index: Time to insert doc 8841924: 14012
Adding document to 83 postings lists.
Index: Time to insert doc 8841925: 26336
Adding document to 31 postings lists.
Index: Time to insert doc 8841926: 5533
Adding document to 30 postings lists.
Index: Time to insert doc 8841927: 5148
Adding document to 70 postings lists.
Index: Time to insert doc 8841928: 19903
Adding document to 40 postings lists.
Index: Time to insert doc 8841929: 8147
Adding document to 29 postings lists.
Index: Time to insert doc 8841930: 4972
Adding document to 50 postings lists.
Index: Time to insert doc 8841931: 11227
Adding document to 46 postings lists.
Index: Time to insert doc 8841932: 9986
Adding document to 55 postings lists.
Index: Time to insert doc 8841933: 13283
Adding document to 39 postings lists.
Index: Time to insert doc 8841934: 7775
Adding document to 28 postings lists.
Index: Time to insert doc 8841935: 4572
Adding document to 54 postings lists.
Index: Time to insert doc 8841936: 13002
Adding document to 39 postings lists.
Index: Time to insert doc 8841937: 7615
Adding document to 75 postings lists.
Index: Time to insert doc 8841938: 22394
Adding document to 34 postings lists.
Index: Time to insert doc 8841939: 6244
Adding document to 32 postings lists.
Index: Time to insert doc 8841940: 6526
Adding document to 60 postings lists.
Index: Time to insert doc 8841941: 15263
Adding document to 40 postings lists.
Index: Time to insert doc 8841942: 7879
Adding document to 91 postings lists.
Index: Time to insert doc 8841943: 31146
Adding document to 52 postings lists.
Index: Time to insert doc 8841944: 11968
Adding document to 47 postings lists.
Index: Time to insert doc 8841945: 10391
Adding document to 34 postings lists.
Index: Time to insert doc 8841946: 6506
Adding document to 52 postings lists.
Index: Time to insert doc 8841947: 12129
Adding document to 86 postings lists.
Index: Time to insert doc 8841948: 28253
Adding document to 76 postings lists.
Index: Time to insert doc 8841949: 22770
Adding document to 63 postings lists.
Index: Time to insert doc 8841950: 16757
Adding document to 44 postings lists.
Index: Time to insert doc 8841951: 9397
Adding document to 31 postings lists.
Index: Time to insert doc 8841952: 5422
Adding document to 37 postings lists.
Index: Time to insert doc 8841953: 7127
Adding document to 17 postings lists.
Index: Time to insert doc 8841954: 2413
Adding document to 20 postings lists.
Index: Time to insert doc 8841955: 3064
Adding document to 65 postings lists.
Index: Time to insert doc 8841956: 17478
Adding document to 64 postings lists.
Index: Time to insert doc 8841957: 17172
Adding document to 26 postings lists.
Index: Time to insert doc 8841958: 4275
Adding document to 62 postings lists.
Index: Time to insert doc 8841959: 15898
Adding document to 14 postings lists.
Index: Time to insert doc 8841960: 1882
Adding document to 32 postings lists.
Index: Time to insert doc 8841961: 5540
Adding document to 44 postings lists.
Index: Time to insert doc 8841962: 9524
Adding document to 41 postings lists.
Index: Time to insert doc 8841963: 8402
Adding document to 46 postings lists.
Index: Time to insert doc 8841964: 9870
Adding document to 17 postings lists.
Index: Time to insert doc 8841965: 2322
Adding document to 58 postings lists.
Index: Time to insert doc 8841966: 14441
Adding document to 55 postings lists.
Index: Time to insert doc 8841967: 13081
Adding document to 45 postings lists.
Index: Time to insert doc 8841968: 9438
Adding document to 38 postings lists.
Index: Time to insert doc 8841969: 7319
Adding document to 38 postings lists.
Index: Time to insert doc 8841970: 7458
Adding document to 55 postings lists.
Index: Time to insert doc 8841971: 13178
Adding document to 25 postings lists.
Index: Time to insert doc 8841972: 3870
Adding document to 46 postings lists.
Index: Time to insert doc 8841973: 9858
Adding document to 45 postings lists.
Index: Time to insert doc 8841974: 9959
Adding document to 36 postings lists.
Index: Time to insert doc 8841975: 6920
Adding document to 38 postings lists.
Index: Time to insert doc 8841976: 7586
Adding document to 62 postings lists.
Index: Time to insert doc 8841977: 15933
Adding document to 67 postings lists.
Index: Time to insert doc 8841978: 18457
Adding document to 47 postings lists.
Index: Time to insert doc 8841979: 10251
Adding document to 32 postings lists.
Index: Time to insert doc 8841980: 5692
Adding document to 50 postings lists.
Index: Time to insert doc 8841981: 11472
Adding document to 66 postings lists.
Index: Time to insert doc 8841982: 17860
Adding document to 34 postings lists.
Index: Time to insert doc 8841983: 6288
Adding document to 32 postings lists.
Index: Time to insert doc 8841984: 5675
Adding document to 45 postings lists.
Index: Time to insert doc 8841985: 9771
Adding document to 50 postings lists.
Index: Time to insert doc 8841986: 11481
Adding document to 38 postings lists.
Index: Time to insert doc 8841987: 7204
Adding document to 56 postings lists.
Index: Time to insert doc 8841988: 13697
Adding document to 25 postings lists.
Index: Time to insert doc 8841989: 3954
Adding document to 51 postings lists.
Index: Time to insert doc 8841990: 11569
Adding document to 41 postings lists.
Index: Time to insert doc 8841991: 8363
Adding document to 64 postings lists.
Index: Time to insert doc 8841992: 16900
Adding document to 45 postings lists.
Index: Time to insert doc 8841993: 9769
Adding document to 56 postings lists.
Index: Time to insert doc 8841994: 13908
Adding document to 21 postings lists.
Index: Time to insert doc 8841995: 3174
Adding document to 56 postings lists.
Index: Time to insert doc 8841996: 13606
Adding document to 57 postings lists.
Index: Time to insert doc 8841997: 13939
Adding document to 33 postings lists.
Index: Time to insert doc 8841998: 5929
Adding document to 67 postings lists.
Index: Time to insert doc 8841999: 18394
Adding document to 78 postings lists.
Index: Time to insert doc 8842000: 23858
Adding document to 68 postings lists.
Index: Time to insert doc 8842001: 18703
Adding document to 26 postings lists.
Index: Time to insert doc 8842002: 4311
Adding document to 37 postings lists.
Index: Time to insert doc 8842003: 6972
Adding document to 42 postings lists.
Index: Time to insert doc 8842004: 8420
Adding document to 57 postings lists.
Index: Time to insert doc 8842005: 13978
Adding document to 57 postings lists.
Index: Time to insert doc 8842006: 13767
Adding document to 28 postings lists.
Index: Time to insert doc 8842007: 4781
Adding document to 44 postings lists.
Index: Time to insert doc 8842008: 9236
Adding document to 57 postings lists.
Index: Time to insert doc 8842009: 14169
Adding document to 65 postings lists.
Index: Time to insert doc 8842010: 17366
Adding document to 51 postings lists.
Index: Time to insert doc 8842011: 11795
Adding document to 71 postings lists.
Index: Time to insert doc 8842012: 20163
Adding document to 67 postings lists.
Index: Time to insert doc 8842013: 18411
Adding document to 26 postings lists.
Index: Time to insert doc 8842014: 4191
Adding document to 48 postings lists.
Index: Time to insert doc 8842015: 10739
Adding document to 24 postings lists.
Index: Time to insert doc 8842016: 3577
Adding document to 35 postings lists.
Index: Time to insert doc 8842017: 6546
Adding document to 32 postings lists.
Index: Time to insert doc 8842018: 5739
Adding document to 81 postings lists.
Index: Time to insert doc 8842019: 25671
Adding document to 34 postings lists.
Index: Time to insert doc 8842020: 6141
Adding document to 75 postings lists.
Index: Time to insert doc 8842021: 22305
Adding document to 22 postings lists.
Index: Time to insert doc 8842022: 3403
Adding document to 61 postings lists.
Index: Time to insert doc 8842023: 16207
Adding document to 81 postings lists.
Index: Time to insert doc 8842024: 26676
Adding document to 49 postings lists.
Index: Time to insert doc 8842025: 11143
Adding document to 34 postings lists.
Index: Time to insert doc 8842026: 6152
Adding document to 45 postings lists.
Index: Time to insert doc 8842027: 9383
Adding document to 65 postings lists.
Index: Time to insert doc 8842028: 17430
Adding document to 23 postings lists.
Index: Time to insert doc 8842029: 3530
Adding document to 41 postings lists.
Index: Time to insert doc 8842030: 8388
Adding document to 55 postings lists.
Index: Time to insert doc 8842031: 13040
Adding document to 66 postings lists.
Index: Time to insert doc 8842032: 17705
Adding document to 65 postings lists.
Index: Time to insert doc 8842033: 17433
Adding document to 55 postings lists.
Index: Time to insert doc 8842034: 13271
Adding document to 70 postings lists.
Index: Time to insert doc 8842035: 19973
Adding document to 27 postings lists.
Index: Time to insert doc 8842036: 4508
Adding document to 30 postings lists.
Index: Time to insert doc 8842037: 5059
Adding document to 36 postings lists.
Index: Time to insert doc 8842038: 6983
Adding document to 42 postings lists.
Index: Time to insert doc 8842039: 8612
Adding document to 68 postings lists.
Index: Time to insert doc 8842040: 18817
Adding document to 37 postings lists.
Index: Time to insert doc 8842041: 7014
Adding document to 47 postings lists.
Index: Time to insert doc 8842042: 10784
Adding document to 47 postings lists.
Index: Time to insert doc 8842043: 10462
Adding document to 52 postings lists.
Index: Time to insert doc 8842044: 12150
Adding document to 25 postings lists.
Index: Time to insert doc 8842045: 4101
Adding document to 47 postings lists.
Index: Time to insert doc 8842046: 10131
Adding document to 40 postings lists.
Index: Time to insert doc 8842047: 7885
Adding document to 31 postings lists.
Index: Time to insert doc 8842048: 5447
Adding document to 62 postings lists.
Index: Time to insert doc 8842049: 16148
Adding document to 45 postings lists.
Index: Time to insert doc 8842050: 9579
Adding document to 81 postings lists.
Index: Time to insert doc 8842051: 25192
Adding document to 44 postings lists.
Index: Time to insert doc 8842052: 9053
Adding document to 37 postings lists.
Index: Time to insert doc 8842053: 7109
Adding document to 45 postings lists.
Index: Time to insert doc 8842054: 9449
Adding document to 18 postings lists.
Index: Time to insert doc 8842055: 2551
Adding document to 40 postings lists.
Index: Time to insert doc 8842056: 7969
Adding document to 34 postings lists.
Index: Time to insert doc 8842057: 6136
Adding document to 27 postings lists.
Index: Time to insert doc 8842058: 4330
Adding document to 56 postings lists.
Index: Time to insert doc 8842059: 13752
Adding document to 15 postings lists.
Index: Time to insert doc 8842060: 1935
Adding document to 79 postings lists.
Index: Time to insert doc 8842061: 24223
Adding document to 29 postings lists.
Index: Time to insert doc 8842062: 4891
Adding document to 52 postings lists.
Index: Time to insert doc 8842063: 12240
Adding document to 74 postings lists.
Index: Time to insert doc 8842064: 21592
Adding document to 46 postings lists.
Index: Time to insert doc 8842065: 9948
Adding document to 40 postings lists.
Index: Time to insert doc 8842066: 7946
Adding document to 35 postings lists.
Index: Time to insert doc 8842067: 6667
Adding document to 59 postings lists.
Index: Time to insert doc 8842068: 14995
Adding document to 24 postings lists.
Index: Time to insert doc 8842069: 3781
Adding document to 50 postings lists.
Index: Time to insert doc 8842070: 11548
Adding document to 62 postings lists.
Index: Time to insert doc 8842071: 16142
Adding document to 40 postings lists.
Index: Time to insert doc 8842072: 7827
Adding document to 56 postings lists.
Index: Time to insert doc 8842073: 13472
Adding document to 77 postings lists.
Index: Time to insert doc 8842074: 23561
Adding document to 48 postings lists.
Index: Time to insert doc 8842075: 10535
Adding document to 38 postings lists.
Index: Time to insert doc 8842076: 7356
Adding document to 51 postings lists.
Index: Time to insert doc 8842077: 11889
Adding document to 35 postings lists.
Index: Time to insert doc 8842078: 6660
Adding document to 58 postings lists.
Index: Time to insert doc 8842079: 14683
Adding document to 46 postings lists.
Index: Time to insert doc 8842080: 9752
Adding document to 66 postings lists.
Index: Time to insert doc 8842081: 17738
Adding document to 44 postings lists.
Index: Time to insert doc 8842082: 9228
Adding document to 40 postings lists.
Index: Time to insert doc 8842083: 8017
Adding document to 64 postings lists.
Index: Time to insert doc 8842084: 16846
Adding document to 83 postings lists.
Index: Time to insert doc 8842085: 26542
Adding document to 38 postings lists.
Index: Time to insert doc 8842086: 7451
Adding document to 76 postings lists.
Index: Time to insert doc 8842087: 22813
Adding document to 67 postings lists.
Index: Time to insert doc 8842088: 18407
Adding document to 57 postings lists.
Index: Time to insert doc 8842089: 14048
Adding document to 63 postings lists.
Index: Time to insert doc 8842090: 16555
Adding document to 28 postings lists.
Index: Time to insert doc 8842091: 4665
Adding document to 83 postings lists.
Index: Time to insert doc 8842092: 26286
Adding document to 55 postings lists.
Index: Time to insert doc 8842093: 13130
Adding document to 59 postings lists.
Index: Time to insert doc 8842094: 14750
Adding document to 29 postings lists.
Index: Time to insert doc 8842095: 4860
Adding document to 21 postings lists.
Index: Time to insert doc 8842096: 3052
Adding document to 60 postings lists.
Index: Time to insert doc 8842097: 15197
Adding document to 49 postings lists.
Index: Time to insert doc 8842098: 10965
Adding document to 58 postings lists.
Index: Time to insert doc 8842099: 14343
Adding document to 76 postings lists.
Index: Time to insert doc 8842100: 22667
Adding document to 35 postings lists.
Index: Time to insert doc 8842101: 6396
Adding document to 42 postings lists.
Index: Time to insert doc 8842102: 8497
Adding document to 59 postings lists.
Index: Time to insert doc 8842103: 14642
Adding document to 15 postings lists.
Index: Time to insert doc 8842104: 1962
Adding document to 46 postings lists.
Index: Time to insert doc 8842105: 9817
Adding document to 49 postings lists.
Index: Time to insert doc 8842106: 10764
Adding document to 45 postings lists.
Index: Time to insert doc 8842107: 9575
Adding document to 20 postings lists.
Index: Time to insert doc 8842108: 2892
Adding document to 54 postings lists.
Index: Time to insert doc 8842109: 12677
Adding document to 45 postings lists.
Index: Time to insert doc 8842110: 9524
Adding document to 53 postings lists.
Index: Time to insert doc 8842111: 12600
Adding document to 66 postings lists.
Index: Time to insert doc 8842112: 18097
Adding document to 37 postings lists.
Index: Time to insert doc 8842113: 7079
Adding document to 72 postings lists.
Index: Time to insert doc 8842114: 20619
Adding document to 35 postings lists.
Index: Time to insert doc 8842115: 6406
Adding document to 48 postings lists.
Index: Time to insert doc 8842116: 10764
Adding document to 40 postings lists.
Index: Time to insert doc 8842117: 14158
Adding document to 75 postings lists.
Index: Time to insert doc 8842118: 22321
Adding document to 63 postings lists.
Index: Time to insert doc 8842119: 16390
Adding document to 33 postings lists.
Index: Time to insert doc 8842120: 5936
Adding document to 35 postings lists.
Index: Time to insert doc 8842121: 6358
Adding document to 33 postings lists.
Index: Time to insert doc 8842122: 5925
Adding document to 62 postings lists.
Index: Time to insert doc 8842123: 16164
Adding document to 75 postings lists.
Index: Time to insert doc 8842124: 22128
Adding document to 25 postings lists.
Index: Time to insert doc 8842125: 3893
Adding document to 42 postings lists.
Index: Time to insert doc 8842126: 8668
Adding document to 25 postings lists.
Index: Time to insert doc 8842127: 3966
Adding document to 59 postings lists.
Index: Time to insert doc 8842128: 14629
Adding document to 59 postings lists.
Index: Time to insert doc 8842129: 14792
Adding document to 54 postings lists.
Index: Time to insert doc 8842130: 12794
Adding document to 39 postings lists.
Index: Time to insert doc 8842131: 7503
Adding document to 32 postings lists.
Index: Time to insert doc 8842132: 5682
Adding document to 39 postings lists.
Index: Time to insert doc 8842133: 7661
Adding document to 42 postings lists.
Index: Time to insert doc 8842134: 8523
Adding document to 60 postings lists.
Index: Time to insert doc 8842135: 15270
Adding document to 28 postings lists.
Index: Time to insert doc 8842136: 4557
Adding document to 27 postings lists.
Index: Time to insert doc 8842137: 4316
Adding document to 66 postings lists.
Index: Time to insert doc 8842138: 17957
Adding document to 68 postings lists.
Index: Time to insert doc 8842139: 18935
Adding document to 43 postings lists.
Index: Time to insert doc 8842140: 8994
Adding document to 52 postings lists.
Index: Time to insert doc 8842141: 12017
Adding document to 29 postings lists.
Index: Time to insert doc 8842142: 4950
Adding document to 26 postings lists.
Index: Time to insert doc 8842143: 4172
Adding document to 36 postings lists.
Index: Time to insert doc 8842144: 6764
Adding document to 28 postings lists.
Index: Time to insert doc 8842145: 4695
Adding document to 33 postings lists.
Index: Time to insert doc 8842146: 5883
Adding document to 29 postings lists.
Index: Time to insert doc 8842147: 4857
Adding document to 44 postings lists.
Index: Time to insert doc 8842148: 9135
Adding document to 28 postings lists.
Index: Time to insert doc 8842149: 4655
Adding document to 44 postings lists.
Index: Time to insert doc 8842150: 9162
Adding document to 48 postings lists.
Index: Time to insert doc 8842151: 10474
Adding document to 51 postings lists.
Index: Time to insert doc 8842152: 11708
Adding document to 69 postings lists.
Index: Time to insert doc 8842153: 19169
Adding document to 46 postings lists.
Index: Time to insert doc 8842154: 9983
Adding document to 43 postings lists.
Index: Time to insert doc 8842155: 8986
Adding document to 33 postings lists.
Index: Time to insert doc 8842156: 5969
Adding document to 51 postings lists.
Index: Time to insert doc 8842157: 11775
Adding document to 52 postings lists.
Index: Time to insert doc 8842158: 11985
Adding document to 25 postings lists.
Index: Time to insert doc 8842159: 3954
Adding document to 47 postings lists.
Index: Time to insert doc 8842160: 10269
Adding document to 42 postings lists.
Index: Time to insert doc 8842161: 8533
Adding document to 65 postings lists.
Index: Time to insert doc 8842162: 17484
Adding document to 107 postings lists.
Index: Time to insert doc 8842163: 41450
Adding document to 31 postings lists.
Index: Time to insert doc 8842164: 5426
Adding document to 58 postings lists.
Index: Time to insert doc 8842165: 14495
Adding document to 59 postings lists.
Index: Time to insert doc 8842166: 14939
Adding document to 21 postings lists.
Index: Time to insert doc 8842167: 3158
Adding document to 36 postings lists.
Index: Time to insert doc 8842168: 6914
Adding document to 64 postings lists.
Index: Time to insert doc 8842169: 16984
Adding document to 69 postings lists.
Index: Time to insert doc 8842170: 19195
Adding document to 22 postings lists.
Index: Time to insert doc 8842171: 3298
Adding document to 26 postings lists.
Index: Time to insert doc 8842172: 4269
Adding document to 36 postings lists.
Index: Time to insert doc 8842173: 6937
Adding document to 44 postings lists.
Index: Time to insert doc 8842174: 9298
Adding document to 28 postings lists.
Index: Time to insert doc 8842175: 4622
Adding document to 30 postings lists.
Index: Time to insert doc 8842176: 5014
Adding document to 28 postings lists.
Index: Time to insert doc 8842177: 4648
Adding document to 23 postings lists.
Index: Time to insert doc 8842178: 3499
Adding document to 37 postings lists.
Index: Time to insert doc 8842179: 7092
Adding document to 25 postings lists.
Index: Time to insert doc 8842180: 4021
Adding document to 44 postings lists.
Index: Time to insert doc 8842181: 9269
Adding document to 52 postings lists.
Index: Time to insert doc 8842182: 11883
Adding document to 68 postings lists.
Index: Time to insert doc 8842183: 18625
Adding document to 88 postings lists.
Index: Time to insert doc 8842184: 29172
Adding document to 80 postings lists.
Index: Time to insert doc 8842185: 24558
Adding document to 64 postings lists.
Index: Time to insert doc 8842186: 16961
Adding document to 27 postings lists.
Index: Time to insert doc 8842187: 4300
Adding document to 31 postings lists.
Index: Time to insert doc 8842188: 5403
Adding document to 67 postings lists.
Index: Time to insert doc 8842189: 18245
Adding document to 59 postings lists.
Index: Time to insert doc 8842190: 14680
Adding document to 38 postings lists.
Index: Time to insert doc 8842191: 7286
Adding document to 60 postings lists.
Index: Time to insert doc 8842192: 15102
Adding document to 46 postings lists.
Index: Time to insert doc 8842193: 9938
Adding document to 56 postings lists.
Index: Time to insert doc 8842194: 13593
Adding document to 44 postings lists.
Index: Time to insert doc 8842195: 9105
Adding document to 32 postings lists.
Index: Time to insert doc 8842196: 5770
Adding document to 19 postings lists.
Index: Time to insert doc 8842197: 2689
Adding document to 44 postings lists.
Index: Time to insert doc 8842198: 9294
Adding document to 32 postings lists.
Index: Time to insert doc 8842199: 5778
Adding document to 33 postings lists.
Index: Time to insert doc 8842200: 5873
Adding document to 26 postings lists.
Index: Time to insert doc 8842201: 4095
Adding document to 42 postings lists.
Index: Time to insert doc 8842202: 8510
Adding document to 42 postings lists.
Index: Time to insert doc 8842203: 8726
Adding document to 52 postings lists.
Index: Time to insert doc 8842204: 11858
Adding document to 42 postings lists.
Index: Time to insert doc 8842205: 8673
Adding document to 46 postings lists.
Index: Time to insert doc 8842206: 9732
Adding document to 41 postings lists.
Index: Time to insert doc 8842207: 8532
Adding document to 30 postings lists.
Index: Time to insert doc 8842208: 5050
Adding document to 37 postings lists.
Index: Time to insert doc 8842209: 7045
Adding document to 57 postings lists.
Index: Time to insert doc 8842210: 14041
Adding document to 39 postings lists.
Index: Time to insert doc 8842211: 7645
Adding document to 27 postings lists.
Index: Time to insert doc 8842212: 4386
Adding document to 32 postings lists.
Index: Time to insert doc 8842213: 5538
Adding document to 34 postings lists.
Index: Time to insert doc 8842214: 6048
Adding document to 40 postings lists.
Index: Time to insert doc 8842215: 7978
Adding document to 50 postings lists.
Index: Time to insert doc 8842216: 11100
Adding document to 53 postings lists.
Index: Time to insert doc 8842217: 12401
Adding document to 25 postings lists.
Index: Time to insert doc 8842218: 3846
Adding document to 67 postings lists.
Index: Time to insert doc 8842219: 18286
Adding document to 52 postings lists.
Index: Time to insert doc 8842220: 12026
Adding document to 51 postings lists.
Index: Time to insert doc 8842221: 11567
Adding document to 16 postings lists.
Index: Time to insert doc 8842222: 2185
Adding document to 71 postings lists.
Index: Time to insert doc 8842223: 20602
Adding document to 71 postings lists.
Index: Time to insert doc 8842224: 20264
Adding document to 26 postings lists.
Index: Time to insert doc 8842225: 4300
Adding document to 42 postings lists.
Index: Time to insert doc 8842226: 8611
Adding document to 55 postings lists.
Index: Time to insert doc 8842227: 13061
Adding document to 26 postings lists.
Index: Time to insert doc 8842228: 4168
Adding document to 55 postings lists.
Index: Time to insert doc 8842229: 14186
Adding document to 42 postings lists.
Index: Time to insert doc 8842230: 8608
Adding document to 46 postings lists.
Index: Time to insert doc 8842231: 9810
Adding document to 53 postings lists.
Index: Time to insert doc 8842232: 12360
Adding document to 62 postings lists.
Index: Time to insert doc 8842233: 16189
Adding document to 25 postings lists.
Index: Time to insert doc 8842234: 3986
Adding document to 37 postings lists.
Index: Time to insert doc 8842235: 7036
Adding document to 72 postings lists.
Index: Time to insert doc 8842236: 20807
Adding document to 35 postings lists.
Index: Time to insert doc 8842237: 6445
Adding document to 25 postings lists.
Index: Time to insert doc 8842238: 3858
Adding document to 52 postings lists.
Index: Time to insert doc 8842239: 12087
Adding document to 23 postings lists.
Index: Time to insert doc 8842240: 3469
Adding document to 27 postings lists.
Index: Time to insert doc 8842241: 4344
Adding document to 31 postings lists.
Index: Time to insert doc 8842242: 5286
Adding document to 62 postings lists.
Index: Time to insert doc 8842243: 15894
Adding document to 34 postings lists.
Index: Time to insert doc 8842244: 6179
Adding document to 35 postings lists.
Index: Time to insert doc 8842245: 6444
Adding document to 45 postings lists.
Index: Time to insert doc 8842246: 9594
Adding document to 23 postings lists.
Index: Time to insert doc 8842247: 3434
Adding document to 38 postings lists.
Index: Time to insert doc 8842248: 7427
Adding document to 45 postings lists.
Index: Time to insert doc 8842249: 9404
Adding document to 53 postings lists.
Index: Time to insert doc 8842250: 12493
Adding document to 44 postings lists.
Index: Time to insert doc 8842251: 9088
Adding document to 91 postings lists.
Index: Time to insert doc 8842252: 30862
Adding document to 58 postings lists.
Index: Time to insert doc 8842253: 14392
Adding document to 19 postings lists.
Index: Time to insert doc 8842254: 2654
Adding document to 61 postings lists.
Index: Time to insert doc 8842255: 15512
Adding document to 23 postings lists.
Index: Time to insert doc 8842256: 3548
Adding document to 26 postings lists.
Index: Time to insert doc 8842257: 4176
Adding document to 62 postings lists.
Index: Time to insert doc 8842258: 16262
Adding document to 42 postings lists.
Index: Time to insert doc 8842259: 8604
Adding document to 35 postings lists.
Index: Time to insert doc 8842260: 6419
Adding document to 29 postings lists.
Index: Time to insert doc 8842261: 4745
Adding document to 21 postings lists.
Index: Time to insert doc 8842262: 3063
Adding document to 69 postings lists.
Index: Time to insert doc 8842263: 19313
Adding document to 60 postings lists.
Index: Time to insert doc 8842264: 15313
Adding document to 74 postings lists.
Index: Time to insert doc 8842265: 21646
Adding document to 39 postings lists.
Index: Time to insert doc 8842266: 7618
Adding document to 44 postings lists.
Index: Time to insert doc 8842267: 9154
Adding document to 54 postings lists.
Index: Time to insert doc 8842268: 12981
Adding document to 38 postings lists.
Index: Time to insert doc 8842269: 7349
Adding document to 13 postings lists.
Index: Time to insert doc 8842270: 1625
Adding document to 17 postings lists.
Index: Time to insert doc 8842271: 2310
Adding document to 51 postings lists.
Index: Time to insert doc 8842272: 11695
Adding document to 22 postings lists.
Index: Time to insert doc 8842273: 3130
Adding document to 44 postings lists.
Index: Time to insert doc 8842274: 9035
Adding document to 15 postings lists.
Index: Time to insert doc 8842275: 1977
Adding document to 87 postings lists.
Index: Time to insert doc 8842276: 28643
Adding document to 42 postings lists.
Index: Time to insert doc 8842277: 8702
Adding document to 17 postings lists.
Index: Time to insert doc 8842278: 2342
Adding document to 18 postings lists.
Index: Time to insert doc 8842279: 2455
Adding document to 51 postings lists.
Index: Time to insert doc 8842280: 11795
Adding document to 24 postings lists.
Index: Time to insert doc 8842281: 3783
Adding document to 60 postings lists.
Index: Time to insert doc 8842282: 15306
Adding document to 20 postings lists.
Index: Time to insert doc 8842283: 2831
Adding document to 56 postings lists.
Index: Time to insert doc 8842284: 13572
Adding document to 57 postings lists.
Index: Time to insert doc 8842285: 14007
Adding document to 62 postings lists.
Index: Time to insert doc 8842286: 15967
Adding document to 38 postings lists.
Index: Time to insert doc 8842287: 7360
Adding document to 16 postings lists.
Index: Time to insert doc 8842288: 2122
Adding document to 19 postings lists.
Index: Time to insert doc 8842289: 2783
Adding document to 25 postings lists.
Index: Time to insert doc 8842290: 3910
Adding document to 20 postings lists.
Index: Time to insert doc 8842291: 2888
Adding document to 86 postings lists.
Index: Time to insert doc 8842292: 28246
Adding document to 31 postings lists.
Index: Time to insert doc 8842293: 5353
Adding document to 34 postings lists.
Index: Time to insert doc 8842294: 6075
Adding document to 40 postings lists.
Index: Time to insert doc 8842295: 7954
Adding document to 34 postings lists.
Index: Time to insert doc 8842296: 6108
Adding document to 39 postings lists.
Index: Time to insert doc 8842297: 7688
Adding document to 99 postings lists.
Index: Time to insert doc 8842298: 36350
Adding document to 34 postings lists.
Index: Time to insert doc 8842299: 6248
Adding document to 22 postings lists.
Index: Time to insert doc 8842300: 3186
Adding document to 46 postings lists.
Index: Time to insert doc 8842301: 9921
Adding document to 38 postings lists.
Index: Time to insert doc 8842302: 7282
Adding document to 29 postings lists.
Index: Time to insert doc 8842303: 4732
Adding document to 47 postings lists.
Index: Time to insert doc 8842304: 10104
Adding document to 57 postings lists.
Index: Time to insert doc 8842305: 13968
Adding document to 33 postings lists.
Index: Time to insert doc 8842306: 5945
Adding document to 32 postings lists.
Index: Time to insert doc 8842307: 5678
Adding document to 67 postings lists.
Index: Time to insert doc 8842308: 18179
Adding document to 31 postings lists.
Index: Time to insert doc 8842309: 5313
Adding document to 48 postings lists.
Index: Time to insert doc 8842310: 10583
Adding document to 31 postings lists.
Index: Time to insert doc 8842311: 5348
Adding document to 21 postings lists.
Index: Time to insert doc 8842312: 3077
Adding document to 37 postings lists.
Index: Time to insert doc 8842313: 6929
Adding document to 41 postings lists.
Index: Time to insert doc 8842314: 8324
Adding document to 58 postings lists.
Index: Time to insert doc 8842315: 14487
Adding document to 50 postings lists.
Index: Time to insert doc 8842316: 11280
Adding document to 49 postings lists.
Index: Time to insert doc 8842317: 10858
Adding document to 54 postings lists.
Index: Time to insert doc 8842318: 12919
Adding document to 35 postings lists.
Index: Time to insert doc 8842319: 6406
Adding document to 25 postings lists.
Index: Time to insert doc 8842320: 3924
Adding document to 33 postings lists.
Index: Time to insert doc 8842321: 5914
Adding document to 43 postings lists.
Index: Time to insert doc 8842322: 8840
Adding document to 62 postings lists.
Index: Time to insert doc 8842323: 16225
Adding document to 29 postings lists.
Index: Time to insert doc 8842324: 4812
Adding document to 70 postings lists.
Index: Time to insert doc 8842325: 19562
Adding document to 53 postings lists.
Index: Time to insert doc 8842326: 12396
Adding document to 41 postings lists.
Index: Time to insert doc 8842327: 8264
Adding document to 46 postings lists.
Index: Time to insert doc 8842328: 9799
Adding document to 38 postings lists.
Index: Time to insert doc 8842329: 7290
Adding document to 59 postings lists.
Index: Time to insert doc 8842330: 14707
Adding document to 57 postings lists.
Index: Time to insert doc 8842331: 14058
Adding document to 44 postings lists.
Index: Time to insert doc 8842332: 9224
Adding document to 38 postings lists.
Index: Time to insert doc 8842333: 7423
Adding document to 51 postings lists.
Index: Time to insert doc 8842334: 14416
Adding document to 28 postings lists.
Index: Time to insert doc 8842335: 4650
Adding document to 81 postings lists.
Index: Time to insert doc 8842336: 25140
Adding document to 42 postings lists.
Index: Time to insert doc 8842337: 8445
Adding document to 68 postings lists.
Index: Time to insert doc 8842338: 18871
Adding document to 31 postings lists.
Index: Time to insert doc 8842339: 5205
Adding document to 28 postings lists.
Index: Time to insert doc 8842340: 4610
Adding document to 48 postings lists.
Index: Time to insert doc 8842341: 10543
Adding document to 60 postings lists.
Index: Time to insert doc 8842342: 15211
Adding document to 65 postings lists.
Index: Time to insert doc 8842343: 17369
Adding document to 75 postings lists.
Index: Time to insert doc 8842344: 22400
Adding document to 45 postings lists.
Index: Time to insert doc 8842345: 9542
Adding document to 43 postings lists.
Index: Time to insert doc 8842346: 8876
Adding document to 51 postings lists.
Index: Time to insert doc 8842347: 11780
Adding document to 32 postings lists.
Index: Time to insert doc 8842348: 5672
Adding document to 47 postings lists.
Index: Time to insert doc 8842349: 10274
Adding document to 34 postings lists.
Index: Time to insert doc 8842350: 6293
Adding document to 54 postings lists.
Index: Time to insert doc 8842351: 12749
Adding document to 33 postings lists.
Index: Time to insert doc 8842352: 5924
Adding document to 55 postings lists.
Index: Time to insert doc 8842353: 13199
Adding document to 25 postings lists.
Index: Time to insert doc 8842354: 4023
Adding document to 90 postings lists.
Index: Time to insert doc 8842355: 30216
Adding document to 39 postings lists.
Index: Time to insert doc 8842356: 7600
Adding document to 36 postings lists.
Index: Time to insert doc 8842357: 6675
Adding document to 20 postings lists.
Index: Time to insert doc 8842358: 2889
Adding document to 79 postings lists.
Index: Time to insert doc 8842359: 24220
Adding document to 61 postings lists.
Index: Time to insert doc 8842360: 15651
Adding document to 46 postings lists.
Index: Time to insert doc 8842361: 9845
Adding document to 50 postings lists.
Index: Time to insert doc 8842362: 11346
Adding document to 41 postings lists.
Index: Time to insert doc 8842363: 8164
Adding document to 55 postings lists.
Index: Time to insert doc 8842364: 13307
Adding document to 61 postings lists.
Index: Time to insert doc 8842365: 15727
Adding document to 56 postings lists.
Index: Time to insert doc 8842366: 13587
Adding document to 33 postings lists.
Index: Time to insert doc 8842367: 5938
Adding document to 31 postings lists.
Index: Time to insert doc 8842368: 5246
Adding document to 49 postings lists.
Index: Time to insert doc 8842369: 10907
Adding document to 77 postings lists.
Index: Time to insert doc 8842370: 23200
Adding document to 62 postings lists.
Index: Time to insert doc 8842371: 15966
Adding document to 50 postings lists.
Index: Time to insert doc 8842372: 11265
Adding document to 49 postings lists.
Index: Time to insert doc 8842373: 10994
Adding document to 27 postings lists.
Index: Time to insert doc 8842374: 4393
Adding document to 68 postings lists.
Index: Time to insert doc 8842375: 18765
Adding document to 59 postings lists.
Index: Time to insert doc 8842376: 14801
Adding document to 29 postings lists.
Index: Time to insert doc 8842377: 4820
Adding document to 45 postings lists.
Index: Time to insert doc 8842378: 9504
Adding document to 35 postings lists.
Index: Time to insert doc 8842379: 6495
Adding document to 69 postings lists.
Index: Time to insert doc 8842380: 19123
Adding document to 51 postings lists.
Index: Time to insert doc 8842381: 11569
Adding document to 52 postings lists.
Index: Time to insert doc 8842382: 11997
Adding document to 62 postings lists.
Index: Time to insert doc 8842383: 15997
Adding document to 20 postings lists.
Index: Time to insert doc 8842384: 2944
Adding document to 40 postings lists.
Index: Time to insert doc 8842385: 7787
Adding document to 30 postings lists.
Index: Time to insert doc 8842386: 5011
Adding document to 24 postings lists.
Index: Time to insert doc 8842387: 3698
Adding document to 48 postings lists.
Index: Time to insert doc 8842388: 10441
Adding document to 40 postings lists.
Index: Time to insert doc 8842389: 7843
Adding document to 34 postings lists.
Index: Time to insert doc 8842390: 6145
Adding document to 28 postings lists.
Index: Time to insert doc 8842391: 4604
Adding document to 31 postings lists.
Index: Time to insert doc 8842392: 5343
Adding document to 15 postings lists.
Index: Time to insert doc 8842393: 1889
Adding document to 61 postings lists.
Index: Time to insert doc 8842394: 15670
Adding document to 51 postings lists.
Index: Time to insert doc 8842395: 11526
Adding document to 29 postings lists.
Index: Time to insert doc 8842396: 4813
Adding document to 47 postings lists.
Index: Time to insert doc 8842397: 10314
Adding document to 59 postings lists.
Index: Time to insert doc 8842398: 14883
Adding document to 24 postings lists.
Index: Time to insert doc 8842399: 3720
Adding document to 20 postings lists.
Index: Time to insert doc 8842400: 2865
Adding document to 21 postings lists.
Index: Time to insert doc 8842401: 3070
Adding document to 23 postings lists.
Index: Time to insert doc 8842402: 3405
Adding document to 29 postings lists.
Index: Time to insert doc 8842403: 4854
Adding document to 45 postings lists.
Index: Time to insert doc 8842404: 9588
Adding document to 39 postings lists.
Index: Time to insert doc 8842405: 7582
Adding document to 33 postings lists.
Index: Time to insert doc 8842406: 5823
Adding document to 74 postings lists.
Index: Time to insert doc 8842407: 21892
Adding document to 28 postings lists.
Index: Time to insert doc 8842408: 4646
Adding document to 26 postings lists.
Index: Time to insert doc 8842409: 4093
Adding document to 30 postings lists.
Index: Time to insert doc 8842410: 5082
Adding document to 42 postings lists.
Index: Time to insert doc 8842411: 8591
Adding document to 52 postings lists.
Index: Time to insert doc 8842412: 12240
Adding document to 49 postings lists.
Index: Time to insert doc 8842413: 10826
Adding document to 34 postings lists.
Index: Time to insert doc 8842414: 6145
Adding document to 82 postings lists.
Index: Time to insert doc 8842415: 25795
Adding document to 33 postings lists.
Index: Time to insert doc 8842416: 5882
Adding document to 27 postings lists.
Index: Time to insert doc 8842417: 4431
Adding document to 34 postings lists.
Index: Time to insert doc 8842418: 6087
Adding document to 64 postings lists.
Index: Time to insert doc 8842419: 16992
Adding document to 20 postings lists.
Index: Time to insert doc 8842420: 2836
Adding document to 24 postings lists.
Index: Time to insert doc 8842421: 3662
Adding document to 25 postings lists.
Index: Time to insert doc 8842422: 3946
Adding document to 60 postings lists.
Index: Time to insert doc 8842423: 15241
Adding document to 59 postings lists.
Index: Time to insert doc 8842424: 14718
Adding document to 34 postings lists.
Index: Time to insert doc 8842425: 6143
Adding document to 47 postings lists.
Index: Time to insert doc 8842426: 10272
Adding document to 42 postings lists.
Index: Time to insert doc 8842427: 8636
Adding document to 27 postings lists.
Index: Time to insert doc 8842428: 4400
Adding document to 28 postings lists.
Index: Time to insert doc 8842429: 4650
Adding document to 49 postings lists.
Index: Time to insert doc 8842430: 11055
Adding document to 51 postings lists.
Index: Time to insert doc 8842431: 11675
Adding document to 51 postings lists.
Index: Time to insert doc 8842432: 11604
Adding document to 35 postings lists.
Index: Time to insert doc 8842433: 6469
Adding document to 32 postings lists.
Index: Time to insert doc 8842434: 5620
Adding document to 42 postings lists.
Index: Time to insert doc 8842435: 8531
Adding document to 63 postings lists.
Index: Time to insert doc 8842436: 23800
Adding document to 25 postings lists.
Index: Time to insert doc 8842437: 4012
Adding document to 22 postings lists.
Index: Time to insert doc 8842438: 3203
Adding document to 25 postings lists.
Index: Time to insert doc 8842439: 3947
Adding document to 53 postings lists.
Index: Time to insert doc 8842440: 12359
Adding document to 52 postings lists.
Index: Time to insert doc 8842441: 11924
Adding document to 18 postings lists.
Index: Time to insert doc 8842442: 2426
Adding document to 33 postings lists.
Index: Time to insert doc 8842443: 5976
Adding document to 32 postings lists.
Index: Time to insert doc 8842444: 5571
Adding document to 17 postings lists.
Index: Time to insert doc 8842445: 2294
Adding document to 39 postings lists.
Index: Time to insert doc 8842446: 7662
Adding document to 49 postings lists.
Index: Time to insert doc 8842447: 11027
Adding document to 35 postings lists.
Index: Time to insert doc 8842448: 6525
Adding document to 49 postings lists.
Index: Time to insert doc 8842449: 10807
Adding document to 35 postings lists.
Index: Time to insert doc 8842450: 6401
Adding document to 55 postings lists.
Index: Time to insert doc 8842451: 13174
Adding document to 42 postings lists.
Index: Time to insert doc 8842452: 8459
Adding document to 24 postings lists.
Index: Time to insert doc 8842453: 3736
Adding document to 36 postings lists.
Index: Time to insert doc 8842454: 6647
Adding document to 34 postings lists.
Index: Time to insert doc 8842455: 6149
Adding document to 55 postings lists.
Index: Time to insert doc 8842456: 13054
Adding document to 31 postings lists.
Index: Time to insert doc 8842457: 5382
Adding document to 38 postings lists.
Index: Time to insert doc 8842458: 7380
Adding document to 45 postings lists.
Index: Time to insert doc 8842459: 9548
Adding document to 60 postings lists.
Index: Time to insert doc 8842460: 15158
Adding document to 43 postings lists.
Index: Time to insert doc 8842461: 8980
Adding document to 49 postings lists.
Index: Time to insert doc 8842462: 10781
Adding document to 29 postings lists.
Index: Time to insert doc 8842463: 4843
Adding document to 35 postings lists.
Index: Time to insert doc 8842464: 6328
Adding document to 60 postings lists.
Index: Time to insert doc 8842465: 15287
Adding document to 46 postings lists.
Index: Time to insert doc 8842466: 9938
Adding document to 38 postings lists.
Index: Time to insert doc 8842467: 7226
Adding document to 38 postings lists.
Index: Time to insert doc 8842468: 7339
Adding document to 52 postings lists.
Index: Time to insert doc 8842469: 11962
Adding document to 25 postings lists.
Index: Time to insert doc 8842470: 3954
Adding document to 23 postings lists.
Index: Time to insert doc 8842471: 3439
Adding document to 61 postings lists.
Index: Time to insert doc 8842472: 15602
Adding document to 37 postings lists.
Index: Time to insert doc 8842473: 6967
Adding document to 59 postings lists.
Index: Time to insert doc 8842474: 14818
Adding document to 35 postings lists.
Index: Time to insert doc 8842475: 6506
Adding document to 21 postings lists.
Index: Time to insert doc 8842476: 2990
Adding document to 52 postings lists.
Index: Time to insert doc 8842477: 12145
Adding document to 56 postings lists.
Index: Time to insert doc 8842478: 13514
Adding document to 18 postings lists.
Index: Time to insert doc 8842479: 2476
Adding document to 57 postings lists.
Index: Time to insert doc 8842480: 13825
Adding document to 21 postings lists.
Index: Time to insert doc 8842481: 3065
Adding document to 50 postings lists.
Index: Time to insert doc 8842482: 11209
Adding document to 74 postings lists.
Index: Time to insert doc 8842483: 21783
Adding document to 50 postings lists.
Index: Time to insert doc 8842484: 11375
Adding document to 33 postings lists.
Index: Time to insert doc 8842485: 5863
Adding document to 40 postings lists.
Index: Time to insert doc 8842486: 7956
Adding document to 20 postings lists.
Index: Time to insert doc 8842487: 2923
Adding document to 59 postings lists.
Index: Time to insert doc 8842488: 14778
Adding document to 63 postings lists.
Index: Time to insert doc 8842489: 16308
Adding document to 68 postings lists.
Index: Time to insert doc 8842490: 18786
Adding document to 33 postings lists.
Index: Time to insert doc 8842491: 5948
Adding document to 25 postings lists.
Index: Time to insert doc 8842492: 3830
Adding document to 53 postings lists.
Index: Time to insert doc 8842493: 12413
Adding document to 25 postings lists.
Index: Time to insert doc 8842494: 3855
Adding document to 42 postings lists.
Index: Time to insert doc 8842495: 8542
Adding document to 55 postings lists.
Index: Time to insert doc 8842496: 13278
Adding document to 27 postings lists.
Index: Time to insert doc 8842497: 4363
Adding document to 46 postings lists.
Index: Time to insert doc 8842498: 9906
Adding document to 80 postings lists.
Index: Time to insert doc 8842499: 24611
Adding document to 49 postings lists.
Index: Time to insert doc 8842500: 11067
Adding document to 37 postings lists.
Index: Time to insert doc 8842501: 7160
Adding document to 28 postings lists.
Index: Time to insert doc 8842502: 4501
Adding document to 51 postings lists.
Index: Time to insert doc 8842503: 11747
Adding document to 83 postings lists.
Index: Time to insert doc 8842504: 26261
Adding document to 41 postings lists.
Index: Time to insert doc 8842505: 8132
Adding document to 31 postings lists.
Index: Time to insert doc 8842506: 5450
Adding document to 38 postings lists.
Index: Time to insert doc 8842507: 7327
Adding document to 27 postings lists.
Index: Time to insert doc 8842508: 4269
Adding document to 58 postings lists.
Index: Time to insert doc 8842509: 14391
Adding document to 50 postings lists.
Index: Time to insert doc 8842510: 11276
Adding document to 23 postings lists.
Index: Time to insert doc 8842511: 3455
Adding document to 32 postings lists.
Index: Time to insert doc 8842512: 5600
Adding document to 44 postings lists.
Index: Time to insert doc 8842513: 9188
Adding document to 39 postings lists.
Index: Time to insert doc 8842514: 7487
Adding document to 43 postings lists.
Index: Time to insert doc 8842515: 8742
Adding document to 24 postings lists.
Index: Time to insert doc 8842516: 3703
Adding document to 18 postings lists.
Index: Time to insert doc 8842517: 2399
Adding document to 37 postings lists.
Index: Time to insert doc 8842518: 7042
Adding document to 86 postings lists.
Index: Time to insert doc 8842519: 28007
Adding document to 45 postings lists.
Index: Time to insert doc 8842520: 9456
Adding document to 32 postings lists.
Index: Time to insert doc 8842521: 5645
Adding document to 20 postings lists.
Index: Time to insert doc 8842522: 2783
Adding document to 51 postings lists.
Index: Time to insert doc 8842523: 11700
Adding document to 67 postings lists.
Index: Time to insert doc 8842524: 18355
Adding document to 23 postings lists.
Index: Time to insert doc 8842525: 3417
Adding document to 37 postings lists.
Index: Time to insert doc 8842526: 7087
Adding document to 59 postings lists.
Index: Time to insert doc 8842527: 14794
Adding document to 47 postings lists.
Index: Time to insert doc 8842528: 10111
Adding document to 57 postings lists.
Index: Time to insert doc 8842529: 14057
Adding document to 34 postings lists.
Index: Time to insert doc 8842530: 6167
Adding document to 20 postings lists.
Index: Time to insert doc 8842531: 2938
Adding document to 64 postings lists.
Index: Time to insert doc 8842532: 18028
Adding document to 30 postings lists.
Index: Time to insert doc 8842533: 5441
Adding document to 65 postings lists.
Index: Time to insert doc 8842534: 18108
Adding document to 57 postings lists.
Index: Time to insert doc 8842535: 14157
Adding document to 77 postings lists.
Index: Time to insert doc 8842536: 23672
Adding document to 33 postings lists.
Index: Time to insert doc 8842537: 6109
Adding document to 51 postings lists.
Index: Time to insert doc 8842538: 11804
Adding document to 44 postings lists.
Index: Time to insert doc 8842539: 9348
Adding document to 63 postings lists.
Index: Time to insert doc 8842540: 16640
Adding document to 22 postings lists.
Index: Time to insert doc 8842541: 3318
Adding document to 50 postings lists.
Index: Time to insert doc 8842542: 11334
Adding document to 65 postings lists.
Index: Time to insert doc 8842543: 17393
Adding document to 48 postings lists.
Index: Time to insert doc 8842544: 10599
Adding document to 60 postings lists.
Index: Time to insert doc 8842545: 15015
Adding document to 46 postings lists.
Index: Time to insert doc 8842546: 9800
Adding document to 31 postings lists.
Index: Time to insert doc 8842547: 5392
Adding document to 54 postings lists.
Index: Time to insert doc 8842548: 12613
Adding document to 36 postings lists.
Index: Time to insert doc 8842549: 6618
Adding document to 38 postings lists.
Index: Time to insert doc 8842550: 7272
Adding document to 48 postings lists.
Index: Time to insert doc 8842551: 10519
Adding document to 66 postings lists.
Index: Time to insert doc 8842552: 17913
Adding document to 51 postings lists.
Index: Time to insert doc 8842553: 18822
Adding document to 66 postings lists.
Index: Time to insert doc 8842554: 17857
Adding document to 46 postings lists.
Index: Time to insert doc 8842555: 9785
Adding document to 43 postings lists.
Index: Time to insert doc 8842556: 8884
Adding document to 34 postings lists.
Index: Time to insert doc 8842557: 6251
Adding document to 47 postings lists.
Index: Time to insert doc 8842558: 10077
Adding document to 34 postings lists.
Index: Time to insert doc 8842559: 6229
Adding document to 32 postings lists.
Index: Time to insert doc 8842560: 5560
Adding document to 46 postings lists.
Index: Time to insert doc 8842561: 9951
Adding document to 61 postings lists.
Index: Time to insert doc 8842562: 15600
Adding document to 60 postings lists.
Index: Time to insert doc 8842563: 15207
Adding document to 36 postings lists.
Index: Time to insert doc 8842564: 6798
Adding document to 29 postings lists.
Index: Time to insert doc 8842565: 4834
Adding document to 44 postings lists.
Index: Time to insert doc 8842566: 9158
Adding document to 39 postings lists.
Index: Time to insert doc 8842567: 7571
Adding document to 31 postings lists.
Index: Time to insert doc 8842568: 5328
Adding document to 42 postings lists.
Index: Time to insert doc 8842569: 8527
Adding document to 75 postings lists.
Index: Time to insert doc 8842570: 22067
Adding document to 46 postings lists.
Index: Time to insert doc 8842571: 9877
Adding document to 64 postings lists.
Index: Time to insert doc 8842572: 16842
Adding document to 46 postings lists.
Index: Time to insert doc 8842573: 9725
Adding document to 46 postings lists.
Index: Time to insert doc 8842574: 9948
Adding document to 37 postings lists.
Index: Time to insert doc 8842575: 6948
Adding document to 38 postings lists.
Index: Time to insert doc 8842576: 7331
Adding document to 23 postings lists.
Index: Time to insert doc 8842577: 3399
Adding document to 39 postings lists.
Index: Time to insert doc 8842578: 7575
Adding document to 50 postings lists.
Index: Time to insert doc 8842579: 11308
Adding document to 53 postings lists.
Index: Time to insert doc 8842580: 12390
Adding document to 35 postings lists.
Index: Time to insert doc 8842581: 6494
Adding document to 39 postings lists.
Index: Time to insert doc 8842582: 7494
Adding document to 36 postings lists.
Index: Time to insert doc 8842583: 6727
Adding document to 29 postings lists.
Index: Time to insert doc 8842584: 4772
Adding document to 25 postings lists.
Index: Time to insert doc 8842585: 3982
Adding document to 38 postings lists.
Index: Time to insert doc 8842586: 7225
Adding document to 32 postings lists.
Index: Time to insert doc 8842587: 5698
Adding document to 39 postings lists.
Index: Time to insert doc 8842588: 7589
Adding document to 83 postings lists.
Index: Time to insert doc 8842589: 26310
Adding document to 33 postings lists.
Index: Time to insert doc 8842590: 5936
Adding document to 53 postings lists.
Index: Time to insert doc 8842591: 12362
Adding document to 67 postings lists.
Index: Time to insert doc 8842592: 18223
Adding document to 33 postings lists.
Index: Time to insert doc 8842593: 5965
Adding document to 80 postings lists.
Index: Time to insert doc 8842594: 24574
Adding document to 51 postings lists.
Index: Time to insert doc 8842595: 11602
Adding document to 53 postings lists.
Index: Time to insert doc 8842596: 12326
Adding document to 81 postings lists.
Index: Time to insert doc 8842597: 25131
Adding document to 68 postings lists.
Index: Time to insert doc 8842598: 18619
Adding document to 73 postings lists.
Index: Time to insert doc 8842599: 21094
Adding document to 38 postings lists.
Index: Time to insert doc 8842600: 7284
Adding document to 30 postings lists.
Index: Time to insert doc 8842601: 5209
Adding document to 53 postings lists.
Index: Time to insert doc 8842602: 12296
Adding document to 88 postings lists.
Index: Time to insert doc 8842603: 29022
Adding document to 54 postings lists.
Index: Time to insert doc 8842604: 12650
Adding document to 79 postings lists.
Index: Time to insert doc 8842605: 24471
Adding document to 70 postings lists.
Index: Time to insert doc 8842606: 19623
Adding document to 17 postings lists.
Index: Time to insert doc 8842607: 2258
Adding document to 27 postings lists.
Index: Time to insert doc 8842608: 4285
Adding document to 52 postings lists.
Index: Time to insert doc 8842609: 12000
Adding document to 29 postings lists.
Index: Time to insert doc 8842610: 4916
Adding document to 52 postings lists.
Index: Time to insert doc 8842611: 11963
Adding document to 34 postings lists.
Index: Time to insert doc 8842612: 6186
Adding document to 29 postings lists.
Index: Time to insert doc 8842613: 4842
Adding document to 36 postings lists.
Index: Time to insert doc 8842614: 6667
Adding document to 36 postings lists.
Index: Time to insert doc 8842615: 6832
Adding document to 33 postings lists.
Index: Time to insert doc 8842616: 5929
Adding document to 40 postings lists.
Index: Time to insert doc 8842617: 7921
Adding document to 68 postings lists.
Index: Time to insert doc 8842618: 18796
Adding document to 51 postings lists.
Index: Time to insert doc 8842619: 11624
Adding document to 27 postings lists.
Index: Time to insert doc 8842620: 4271
Adding document to 56 postings lists.
Index: Time to insert doc 8842621: 13625
Adding document to 39 postings lists.
Index: Time to insert doc 8842622: 7534
Adding document to 77 postings lists.
Index: Time to insert doc 8842623: 23140
Adding document to 22 postings lists.
Index: Time to insert doc 8842624: 3274
Adding document to 30 postings lists.
Index: Time to insert doc 8842625: 5030
Adding document to 31 postings lists.
Index: Time to insert doc 8842626: 5287
Adding document to 69 postings lists.
Index: Time to insert doc 8842627: 19187
Adding document to 39 postings lists.
Index: Time to insert doc 8842628: 7623
Adding document to 93 postings lists.
Index: Time to insert doc 8842629: 31926
Adding document to 47 postings lists.
Index: Time to insert doc 8842630: 10415
Adding document to 32 postings lists.
Index: Time to insert doc 8842631: 5584
Adding document to 37 postings lists.
Index: Time to insert doc 8842632: 7045
Adding document to 45 postings lists.
Index: Time to insert doc 8842633: 9567
Adding document to 57 postings lists.
Index: Time to insert doc 8842634: 13865
Adding document to 88 postings lists.
Index: Time to insert doc 8842635: 29103
Adding document to 46 postings lists.
Index: Time to insert doc 8842636: 9936
Adding document to 74 postings lists.
Index: Time to insert doc 8842637: 21510
Adding document to 35 postings lists.
Index: Time to insert doc 8842638: 6332
Adding document to 31 postings lists.
Index: Time to insert doc 8842639: 5331
Adding document to 37 postings lists.
Index: Time to insert doc 8842640: 7111
Adding document to 39 postings lists.
Index: Time to insert doc 8842641: 7678
Adding document to 42 postings lists.
Index: Time to insert doc 8842642: 8740
Adding document to 50 postings lists.
Index: Time to insert doc 8842643: 11213
Adding document to 29 postings lists.
Index: Time to insert doc 8842644: 4814
Adding document to 77 postings lists.
Index: Time to insert doc 8842645: 23042
Adding document to 42 postings lists.
Index: Time to insert doc 8842646: 8437
Adding document to 45 postings lists.
Index: Time to insert doc 8842647: 9505
Adding document to 26 postings lists.
Index: Time to insert doc 8842648: 4155
Adding document to 75 postings lists.
Index: Time to insert doc 8842649: 22112
Adding document to 20 postings lists.
Index: Time to insert doc 8842650: 2832
Adding document to 29 postings lists.
Index: Time to insert doc 8842651: 4853
Adding document to 64 postings lists.
Index: Time to insert doc 8842652: 16968
Adding document to 50 postings lists.
Index: Time to insert doc 8842653: 11190
Adding document to 40 postings lists.
Index: Time to insert doc 8842654: 7941
Adding document to 15 postings lists.
Index: Time to insert doc 8842655: 1928
Adding document to 53 postings lists.
Index: Time to insert doc 8842656: 12386
Adding document to 70 postings lists.
Index: Time to insert doc 8842657: 36179
Adding document to 50 postings lists.
Index: Time to insert doc 8842658: 11294
Adding document to 35 postings lists.
Index: Time to insert doc 8842659: 6450
Adding document to 30 postings lists.
Index: Time to insert doc 8842660: 5113
Adding document to 44 postings lists.
Index: Time to insert doc 8842661: 9097
Adding document to 74 postings lists.
Index: Time to insert doc 8842662: 21479
Adding document to 25 postings lists.
Index: Time to insert doc 8842663: 3926
Adding document to 36 postings lists.
Index: Time to insert doc 8842664: 6696
Adding document to 38 postings lists.
Index: Time to insert doc 8842665: 7261
Adding document to 55 postings lists.
Index: Time to insert doc 8842666: 13339
Adding document to 45 postings lists.
Index: Time to insert doc 8842667: 9484
Adding document to 50 postings lists.
Index: Time to insert doc 8842668: 11284
Adding document to 29 postings lists.
Index: Time to insert doc 8842669: 4912
Adding document to 23 postings lists.
Index: Time to insert doc 8842670: 3459
Adding document to 38 postings lists.
Index: Time to insert doc 8842671: 7362
Adding document to 41 postings lists.
Index: Time to insert doc 8842672: 8229
Adding document to 35 postings lists.
Index: Time to insert doc 8842673: 6408
Adding document to 70 postings lists.
Index: Time to insert doc 8842674: 19906
Adding document to 45 postings lists.
Index: Time to insert doc 8842675: 9375
Adding document to 39 postings lists.
Index: Time to insert doc 8842676: 7647
Adding document to 62 postings lists.
Index: Time to insert doc 8842677: 15964
Adding document to 38 postings lists.
Index: Time to insert doc 8842678: 7475
Adding document to 45 postings lists.
Index: Time to insert doc 8842679: 9509
Adding document to 27 postings lists.
Index: Time to insert doc 8842680: 4282
Adding document to 79 postings lists.
Index: Time to insert doc 8842681: 24353
Adding document to 30 postings lists.
Index: Time to insert doc 8842682: 5129
Adding document to 37 postings lists.
Index: Time to insert doc 8842683: 7023
Adding document to 60 postings lists.
Index: Time to insert doc 8842684: 15147
Adding document to 44 postings lists.
Index: Time to insert doc 8842685: 9255
Adding document to 41 postings lists.
Index: Time to insert doc 8842686: 8180
Adding document to 48 postings lists.
Index: Time to insert doc 8842687: 10585
Adding document to 45 postings lists.
Index: Time to insert doc 8842688: 9467
Adding document to 62 postings lists.
Index: Time to insert doc 8842689: 15999
Adding document to 59 postings lists.
Index: Time to insert doc 8842690: 14688
Adding document to 33 postings lists.
Index: Time to insert doc 8842691: 5901
Adding document to 19 postings lists.
Index: Time to insert doc 8842692: 2642
Adding document to 26 postings lists.
Index: Time to insert doc 8842693: 4178
Adding document to 52 postings lists.
Index: Time to insert doc 8842694: 12069
Adding document to 56 postings lists.
Index: Time to insert doc 8842695: 13512
Adding document to 55 postings lists.
Index: Time to insert doc 8842696: 13174
Adding document to 31 postings lists.
Index: Time to insert doc 8842697: 5377
Adding document to 33 postings lists.
Index: Time to insert doc 8842698: 5833
Adding document to 40 postings lists.
Index: Time to insert doc 8842699: 7832
Adding document to 42 postings lists.
Index: Time to insert doc 8842700: 8532
Adding document to 48 postings lists.
Index: Time to insert doc 8842701: 10583
Adding document to 46 postings lists.
Index: Time to insert doc 8842702: 9753
Adding document to 35 postings lists.
Index: Time to insert doc 8842703: 6463
Adding document to 36 postings lists.
Index: Time to insert doc 8842704: 6798
Adding document to 45 postings lists.
Index: Time to insert doc 8842705: 9553
Adding document to 54 postings lists.
Index: Time to insert doc 8842706: 12629
Adding document to 62 postings lists.
Index: Time to insert doc 8842707: 16004
Adding document to 74 postings lists.
Index: Time to insert doc 8842708: 21698
Adding document to 26 postings lists.
Index: Time to insert doc 8842709: 4126
Adding document to 34 postings lists.
Index: Time to insert doc 8842710: 6127
Adding document to 62 postings lists.
Index: Time to insert doc 8842711: 16116
Adding document to 56 postings lists.
Index: Time to insert doc 8842712: 13620
Adding document to 34 postings lists.
Index: Time to insert doc 8842713: 6247
Adding document to 48 postings lists.
Index: Time to insert doc 8842714: 10561
Adding document to 43 postings lists.
Index: Time to insert doc 8842715: 8801
Adding document to 62 postings lists.
Index: Time to insert doc 8842716: 15997
Adding document to 22 postings lists.
Index: Time to insert doc 8842717: 3236
Adding document to 31 postings lists.
Index: Time to insert doc 8842718: 5358
Adding document to 22 postings lists.
Index: Time to insert doc 8842719: 3275
Adding document to 19 postings lists.
Index: Time to insert doc 8842720: 2682
Adding document to 57 postings lists.
Index: Time to insert doc 8842721: 14046
Adding document to 34 postings lists.
Index: Time to insert doc 8842722: 6127
Adding document to 49 postings lists.
Index: Time to insert doc 8842723: 11140
Adding document to 31 postings lists.
Index: Time to insert doc 8842724: 5324
Adding document to 27 postings lists.
Index: Time to insert doc 8842725: 4394
Adding document to 47 postings lists.
Index: Time to insert doc 8842726: 10168
Adding document to 69 postings lists.
Index: Time to insert doc 8842727: 19142
Adding document to 40 postings lists.
Index: Time to insert doc 8842728: 7781
Adding document to 46 postings lists.
Index: Time to insert doc 8842729: 9902
Adding document to 22 postings lists.
Index: Time to insert doc 8842730: 3303
Adding document to 20 postings lists.
Index: Time to insert doc 8842731: 2802
Adding document to 64 postings lists.
Index: Time to insert doc 8842732: 16837
Adding document to 51 postings lists.
Index: Time to insert doc 8842733: 11583
Adding document to 30 postings lists.
Index: Time to insert doc 8842734: 5067
Adding document to 46 postings lists.
Index: Time to insert doc 8842735: 9781
Adding document to 33 postings lists.
Index: Time to insert doc 8842736: 5805
Adding document to 32 postings lists.
Index: Time to insert doc 8842737: 5442
Adding document to 27 postings lists.
Index: Time to insert doc 8842738: 4341
Adding document to 75 postings lists.
Index: Time to insert doc 8842739: 22122
Adding document to 52 postings lists.
Index: Time to insert doc 8842740: 11901
Adding document to 41 postings lists.
Index: Time to insert doc 8842741: 8234
Adding document to 60 postings lists.
Index: Time to insert doc 8842742: 15131
Adding document to 50 postings lists.
Index: Time to insert doc 8842743: 11332
Adding document to 27 postings lists.
Index: Time to insert doc 8842744: 4324
Adding document to 34 postings lists.
Index: Time to insert doc 8842745: 6125
Adding document to 34 postings lists.
Index: Time to insert doc 8842746: 6327
Adding document to 61 postings lists.
Index: Time to insert doc 8842747: 15679
Adding document to 38 postings lists.
Index: Time to insert doc 8842748: 7294
Adding document to 58 postings lists.
Index: Time to insert doc 8842749: 14324
Adding document to 40 postings lists.
Index: Time to insert doc 8842750: 7937
Adding document to 52 postings lists.
Index: Time to insert doc 8842751: 12112
Adding document to 54 postings lists.
Index: Time to insert doc 8842752: 12722
Adding document to 44 postings lists.
Index: Time to insert doc 8842753: 9055
Adding document to 41 postings lists.
Index: Time to insert doc 8842754: 8222
Adding document to 57 postings lists.
Index: Time to insert doc 8842755: 14220
Adding document to 27 postings lists.
Index: Time to insert doc 8842756: 4292
Adding document to 46 postings lists.
Index: Time to insert doc 8842757: 9827
Adding document to 38 postings lists.
Index: Time to insert doc 8842758: 7331
Adding document to 48 postings lists.
Index: Time to insert doc 8842759: 10646
Adding document to 59 postings lists.
Index: Time to insert doc 8842760: 14823
Adding document to 33 postings lists.
Index: Time to insert doc 8842761: 5895
Adding document to 44 postings lists.
Index: Time to insert doc 8842762: 9230
Adding document to 41 postings lists.
Index: Time to insert doc 8842763: 8285
Adding document to 34 postings lists.
Index: Time to insert doc 8842764: 6190
Adding document to 28 postings lists.
Index: Time to insert doc 8842765: 4479
Adding document to 38 postings lists.
Index: Time to insert doc 8842766: 7284
Adding document to 40 postings lists.
Index: Time to insert doc 8842767: 7857
Adding document to 20 postings lists.
Index: Time to insert doc 8842768: 2907
Adding document to 44 postings lists.
Index: Time to insert doc 8842769: 9172
Adding document to 66 postings lists.
Index: Time to insert doc 8842770: 17855
Adding document to 55 postings lists.
Index: Time to insert doc 8842771: 13314
Adding document to 51 postings lists.
Index: Time to insert doc 8842772: 11489
Adding document to 47 postings lists.
Index: Time to insert doc 8842773: 10164
Adding document to 33 postings lists.
Index: Time to insert doc 8842774: 5836
Adding document to 55 postings lists.
Index: Time to insert doc 8842775: 12977
Adding document to 77 postings lists.
Index: Time to insert doc 8842776: 23322
Adding document to 62 postings lists.
Index: Time to insert doc 8842777: 15976
Adding document to 33 postings lists.
Index: Time to insert doc 8842778: 5875
Adding document to 58 postings lists.
Index: Time to insert doc 8842779: 14382
Adding document to 34 postings lists.
Index: Time to insert doc 8842780: 6096
Adding document to 57 postings lists.
Index: Time to insert doc 8842781: 14150
Adding document to 43 postings lists.
Index: Time to insert doc 8842782: 8830
Adding document to 27 postings lists.
Index: Time to insert doc 8842783: 4242
Adding document to 54 postings lists.
Index: Time to insert doc 8842784: 12751
Adding document to 64 postings lists.
Index: Time to insert doc 8842785: 16859
Adding document to 48 postings lists.
Index: Time to insert doc 8842786: 10565
Adding document to 63 postings lists.
Index: Time to insert doc 8842787: 16536
Adding document to 33 postings lists.
Index: Time to insert doc 8842788: 5888
Adding document to 50 postings lists.
Index: Time to insert doc 8842789: 11260
Adding document to 73 postings lists.
Index: Time to insert doc 8842790: 21193
Adding document to 51 postings lists.
Index: Time to insert doc 8842791: 11542
Adding document to 48 postings lists.
Index: Time to insert doc 8842792: 10489
Adding document to 60 postings lists.
Index: Time to insert doc 8842793: 15352
Adding document to 37 postings lists.
Index: Time to insert doc 8842794: 6909
Adding document to 42 postings lists.
Index: Time to insert doc 8842795: 8475
Adding document to 63 postings lists.
Index: Time to insert doc 8842796: 16409
Adding document to 57 postings lists.
Index: Time to insert doc 8842797: 13822
Adding document to 40 postings lists.
Index: Time to insert doc 8842798: 7869
Adding document to 33 postings lists.
Index: Time to insert doc 8842799: 5839
Adding document to 44 postings lists.
Index: Time to insert doc 8842800: 9053
Adding document to 47 postings lists.
Index: Time to insert doc 8842801: 10100
Adding document to 82 postings lists.
Index: Time to insert doc 8842802: 25946
Adding document to 71 postings lists.
Index: Time to insert doc 8842803: 20052
Adding document to 35 postings lists.
Index: Time to insert doc 8842804: 6422
Adding document to 28 postings lists.
Index: Time to insert doc 8842805: 4484
Adding document to 57 postings lists.
Index: Time to insert doc 8842806: 22377
Adding document to 54 postings lists.
Index: Time to insert doc 8842807: 12844
Adding document to 31 postings lists.
Index: Time to insert doc 8842808: 5289
Adding document to 58 postings lists.
Index: Time to insert doc 8842809: 14370
Adding document to 65 postings lists.
Index: Time to insert doc 8842810: 17511
Adding document to 79 postings lists.
Index: Time to insert doc 8842811: 24003
Adding document to 84 postings lists.
Index: Time to insert doc 8842812: 26804
Adding document to 76 postings lists.
Index: Time to insert doc 8842813: 22656
Adding document to 40 postings lists.
Index: Time to insert doc 8842814: 7931
Adding document to 71 postings lists.
Index: Time to insert doc 8842815: 20215
Adding document to 39 postings lists.
Index: Time to insert doc 8842816: 7709
Adding document to 41 postings lists.
Index: Time to insert doc 8842817: 8179
Adding document to 70 postings lists.
Index: Time to insert doc 8842818: 19816
Adding document to 32 postings lists.
Index: Time to insert doc 8842819: 5565
Adding document to 71 postings lists.
Index: Time to insert doc 8842820: 20300
Adding document to 31 postings lists.
Index: Time to insert doc 8842821: 5321
Adding document to 25 postings lists.
Index: Time to insert doc 8842822: 3768
Time -15989 microsecs per insert_document
-15989150
Deleting doc 0 from 21 posting lists.
Error: is_alive: The id is out of range
Query execution for subsection 'recall_90' failed.
